[backblue.gif]
[fade.gif]
[index.html]
[w.sharethis.com/button/buttons.js]
[azredistricting.org/DistrictLocator/ScriptResource8b9d.js]
[azredistricting.org/DistrictLocator/ScriptResource8ac4.js]
[azredistricting.org/districtlocator/images/FB.jpg]
[azredistricting.org/districtlocator/images/Twitter.jpg]
[azredistricting.org/districtlocator/images/header_bkgrnd_azfire.jpg]
[azredistricting.org/districtlocator/images/header_azfire.jpg]
[translate.google.com/translate_a/element.fa0d8.delayed]
[azredistricting.org/districtlocator/images/CDoutline.png]
[azredistricting.org/districtlocator/images/CDfill.png]
[azredistricting.org/districtlocator/images/LEGoutline.png]
[azredistricting.org/districtlocator/images/LEGfill.png]
[azredistricting.org/districtlocator/images/unifiedsd.png]
[azredistricting.org/districtlocator/images/secondarysd.png]
[azredistricting.org/districtlocator/images/elementarysd.png]
[azredistricting.org/districtlocator/images/Townships.png]
[azredistricting.org/districtlocator/images/Counties.png]
[azredistricting.org/districtlocator/images/AmInd.png]
[azredistricting.org/districtlocator/images/final-maps.jpg]
[azredistricting.org/districtlocator/images/footer_bkgrnd.jpg]
[azredistricting.org/districtlocator/index.html]
[azredistricting.org/districtlocator/style/ajxlightbox2.css]
[azredistricting.org/districtlocator/script/ajxlightbox2.js]
[azredistricting.org/images/BGleft.jpg]
[azredistricting.org/images/BGright.jpg]
[azredistricting.org/districtlocator/style/content.css]
[azredistricting.org/districtlocator/style/ajxmenu_files/menu-bg.gif]
[azredistricting.org/districtlocator/style/ajxmenu_files/top-mo.gif]
[azredistricting.org/districtlocator/style/ajxmenu_files/top-sub.gif]
[azredistricting.org/districtlocator/style/ajxmenu_files/top-sub-mo.gif]
[azredistricting.org/districtlocator/style/ajxmenu.css]
[azredistricting.org/districtlocator/script/ajxmenu.js]
[azredistricting.org/districtlocator/script/crumb.js]
[azredistricting.org/DistrictLocator/WebResource1d91.js]
[azredistricting.org/DistrictLocator/ScriptResource8b9d.js]
[azredistricting.org/DistrictLocator/ScriptResource8ac4.js]
[azredistricting.org/districtlocator/SpatialFunctions.asmx/jsdebug.js]
[translate.google.com/translate_a/elementa0d8.html]
[www.google.com/cse/static/style/look/default.css]
[azredistricting.org/districtlocator/style/ajxlightbox2_files/outline.html]
[azredistricting.org/districtlocator/style/ajxlightbox2_files/previous.html]
[azredistricting.org/districtlocator/style/ajxlightbox2_files/next.html]
[azredistricting.org/districtlocator/style/ajxlightbox2_files/loading.html]
[azredistricting.org/districtlocator/style/ajxlightbox2_files/close.html]
[azredistricting.org/districtlocator/POST.html]
[azredistricting.org/districtlocator/Firefox/index.html]
[azredistricting.org/districtlocator/AppleWebKit/index.html]
[azredistricting.org/districtlocator/Opera/index.html]
[azredistricting.org/districtlocator/MicrosoftAjaxWebForms.html]
[azredistricting.org/districtlocator/MicrosoftAjaxSerialization.html]
[azredistricting.org/districtlocator/MicrosoftAjaxNetwork.html]
